/opt/conda/envs/scMRDR/lib/python3.11/site-packages/anndata/_core/anndata.py:1796: UserWarning: Observation names are not unique. To make them unique, call `.obs_names_make_unique`.
  utils.warn_names_duplicates("obs")
Global seed set to 0 (deterministic=False)
Loading data: experiments/BMMC_codes/feature_aligned.h5ad
Discriminator CE random baseline (log K): 1.0986 (K=3)
feature_list disabled (feature_list=None).
linked_features loaded from file experiments/BMMC_codes/linked_features_160.txt: 160 entries
using cuda
Linked features for MNN anchor: 160 features
Training start!
Anchor config: space=raw, start_epoch=20, ramp_epochs=30, lambda=0.3
  Confidence filters: sim_threshold=0.06, margin=0.012
epoch 1: loss = 1000.7768, Recon = 973.1622, KL = 16.8247, preserve = 0.2762, adv = -2.4719, discri = 0.4966, anchor = 0.0000
epoch 2: loss = 936.3815, Recon = 922.8308, KL = 7.8913, preserve = 0.0303, adv = -0.7944, discri = 0.8187, anchor = 0.0000
epoch 3: loss = 922.7778, Recon = 909.6470, KL = 7.7227, preserve = 0.0264, adv = -0.8155, discri = 0.8361, anchor = 0.0000
epoch 4: loss = 916.3199, Recon = 903.2966, KL = 7.6925, preserve = 0.0212, adv = -0.8225, discri = 0.8381, anchor = 0.0000
epoch 5: loss = 912.4684, Recon = 899.4938, KL = 7.6932, preserve = 0.0200, adv = -0.8373, discri = 0.8496, anchor = 0.0000
epoch 6: loss = 910.1413, Recon = 897.2169, KL = 7.6847, preserve = 0.0180, adv = -0.8450, discri = 0.8557, anchor = 0.0000
epoch 7: loss = 908.5242, Recon = 895.6454, KL = 7.6775, preserve = 0.0165, adv = -0.8529, discri = 0.8624, anchor = 0.0000
epoch 8: loss = 907.1883, Recon = 894.3687, KL = 7.6590, preserve = 0.0153, adv = -0.8583, discri = 0.8647, anchor = 0.0000
epoch 9: loss = 906.3160, Recon = 893.5124, KL = 7.6578, preserve = 0.0144, adv = -0.8613, discri = 0.8679, anchor = 0.0000
epoch 10: loss = 905.6174, Recon = 892.8061, KL = 7.6636, preserve = 0.0151, adv = -0.8638, discri = 0.8710, anchor = 0.0000
epoch 11: loss = 904.9101, Recon = 892.1178, KL = 7.6626, preserve = 0.0133, adv = -0.8664, discri = 0.8717, anchor = 0.0000
epoch 12: loss = 904.4137, Recon = 891.6654, KL = 7.6464, preserve = 0.0123, adv = -0.8686, discri = 0.8752, anchor = 0.0000
epoch 13: loss = 904.0496, Recon = 891.2874, KL = 7.6554, preserve = 0.0122, adv = -0.8698, discri = 0.8746, anchor = 0.0000
epoch 14: loss = 903.6408, Recon = 890.8893, KL = 7.6537, preserve = 0.0117, adv = -0.8715, discri = 0.8765, anchor = 0.0000
epoch 15: loss = 903.3563, Recon = 890.5733, KL = 7.6702, preserve = 0.0117, adv = -0.8720, discri = 0.8774, anchor = 0.0000
epoch 16: loss = 902.9463, Recon = 890.1649, KL = 7.6728, preserve = 0.0110, adv = -0.8730, discri = 0.8785, anchor = 0.0000
EarlyStopping counter: 1 / 4
epoch 17: loss = 902.8499, Recon = 890.0865, KL = 7.6668, preserve = 0.0107, adv = -0.8746, discri = 0.8798, anchor = 0.0000
epoch 18: loss = 902.4679, Recon = 889.6851, KL = 7.6787, preserve = 0.0106, adv = -0.8758, discri = 0.8804, anchor = 0.0000
EarlyStopping counter: 1 / 4
epoch 19: loss = 902.2090, Recon = 889.4543, KL = 7.6670, preserve = 0.0101, adv = -0.8766, discri = 0.8810, anchor = 0.0000
epoch 20: loss = 902.0267, Recon = 889.2743, KL = 7.6676, preserve = 0.0099, adv = -0.8775, discri = 0.8813, anchor = 0.0000
epoch 21: loss = 901.7827, Recon = 889.0503, KL = 7.6593, preserve = 0.0098, adv = -0.8783, discri = 0.8830, anchor = 0.0000
epoch 22: loss = 901.6266, Recon = 888.8438, KL = 7.6493, preserve = 0.0097, adv = -0.8772, discri = 0.8839, anchor = 6.7005
epoch 23: loss = 901.7177, Recon = 888.8797, KL = 7.6488, preserve = 0.0092, adv = -0.8792, discri = 0.8834, anchor = 6.5827
epoch 24: loss = 901.4640, Recon = 888.5666, KL = 7.6459, preserve = 0.0094, adv = -0.8789, discri = 0.8846, anchor = 6.5071
epoch 25: loss = 901.2989, Recon = 888.3673, KL = 7.6346, preserve = 0.0092, adv = -0.8800, discri = 0.8845, anchor = 6.4066
epoch 26: loss = 901.3259, Recon = 888.3227, KL = 7.6379, preserve = 0.0091, adv = -0.8779, discri = 0.8833, anchor = 6.3134
EarlyStopping counter: 1 / 4
epoch 27: loss = 901.3283, Recon = 888.2945, KL = 7.6273, preserve = 0.0091, adv = -0.8797, discri = 0.8837, anchor = 6.2123
EarlyStopping counter: 2 / 4
epoch 28: loss = 901.1877, Recon = 888.1031, KL = 7.6239, preserve = 0.0090, adv = -0.8789, discri = 0.8842, anchor = 6.1243
epoch 29: loss = 901.0914, Recon = 887.9491, KL = 7.6256, preserve = 0.0087, adv = -0.8786, discri = 0.8840, anchor = 6.0388
epoch 30: loss = 901.1033, Recon = 887.9379, KL = 7.6116, preserve = 0.0089, adv = -0.8791, discri = 0.8836, anchor = 5.9413
epoch 31: loss = 900.8768, Recon = 887.6814, KL = 7.6024, preserve = 0.0085, adv = -0.8792, discri = 0.8817, anchor = 5.8555
EarlyStopping counter: 1 / 4
epoch 32: loss = 900.9585, Recon = 887.7043, KL = 7.6040, preserve = 0.0087, adv = -0.8769, discri = 0.8833, anchor = 5.7584
epoch 33: loss = 900.8944, Recon = 887.5900, KL = 7.6086, preserve = 0.0083, adv = -0.8787, discri = 0.8832, anchor = 5.6805
epoch 34: loss = 900.7532, Recon = 887.4080, KL = 7.6041, preserve = 0.0084, adv = -0.8797, discri = 0.8840, anchor = 5.6465
EarlyStopping counter: 1 / 4
epoch 35: loss = 900.8194, Recon = 887.4309, KL = 7.6036, preserve = 0.0082, adv = -0.8788, discri = 0.8825, anchor = 5.5467
epoch 36: loss = 900.8769, Recon = 887.4668, KL = 7.5959, preserve = 0.0081, adv = -0.8806, discri = 0.8837, anchor = 5.4616
EarlyStopping counter: 1 / 4
epoch 37: loss = 900.6915, Recon = 887.2191, KL = 7.6012, preserve = 0.0082, adv = -0.8784, discri = 0.8830, anchor = 5.4012
EarlyStopping counter: 2 / 4
epoch 38: loss = 900.6578, Recon = 887.1753, KL = 7.5908, preserve = 0.0081, adv = -0.8804, discri = 0.8842, anchor = 5.3053
epoch 39: loss = 900.6124, Recon = 887.0877, KL = 7.5920, preserve = 0.0076, adv = -0.8801, discri = 0.8844, anchor = 5.2381
epoch 40: loss = 900.6060, Recon = 887.0311, KL = 7.5929, preserve = 0.0079, adv = -0.8785, discri = 0.8832, anchor = 5.1852
EarlyStopping counter: 1 / 4
epoch 41: loss = 900.6182, Recon = 887.0180, KL = 7.5894, preserve = 0.0078, adv = -0.8794, discri = 0.8834, anchor = 5.1028
epoch 42: loss = 900.6016, Recon = 886.9612, KL = 7.5866, preserve = 0.0078, adv = -0.8794, discri = 0.8837, anchor = 5.0780
EarlyStopping counter: 1 / 4
epoch 43: loss = 900.6069, Recon = 886.9409, KL = 7.5851, preserve = 0.0078, adv = -0.8799, discri = 0.8830, anchor = 4.9838
epoch 44: loss = 900.5467, Recon = 886.8452, KL = 7.5833, preserve = 0.0077, adv = -0.8789, discri = 0.8842, anchor = 4.9261
epoch 45: loss = 900.5615, Recon = 886.8115, KL = 7.5932, preserve = 0.0076, adv = -0.8795, discri = 0.8841, anchor = 4.8518
EarlyStopping counter: 1 / 4
epoch 46: loss = 900.5472, Recon = 886.7619, KL = 7.5915, preserve = 0.0077, adv = -0.8795, discri = 0.8818, anchor = 4.8098
EarlyStopping counter: 2 / 4
epoch 47: loss = 900.4197, Recon = 886.6243, KL = 7.5813, preserve = 0.0075, adv = -0.8804, discri = 0.8838, anchor = 4.7564
EarlyStopping counter: 3 / 4
epoch 48: loss = 900.5879, Recon = 886.7258, KL = 7.5969, preserve = 0.0075, adv = -0.8791, discri = 0.8834, anchor = 4.6962
EarlyStopping counter: 4 / 4
Early stopping at epoch 48
Training finished!
inference: loss = 891.3998, Recon_loss = 879.3388, KL_loss = 7.2675, preserve_loss = 0.0163, adv_loss = -0.8519
All results recorded in adata.
Saved: experiments/BMMC_codes/anchor_refine_adv3_0_la0_30_k10_st20_sim0_06_m0_012_full_quickgrid_v1_bs256.h5ad
